
> pex@0.1.0 build
> next build

   Γû▓ Next.js 15.2.1

   Creating an optimized production build ...
 Γ£ô (pwa) Compiling for server...
 Γ£ô (pwa) Compiling for server...
 Γ£ô (pwa) Compiling for client (static)...
 Γùï (pwa) Service worker: C:\Users\UTL_ADMIN\Desktop\Shawn\apex\apexfront\public\sw.js
 Γùï (pwa)   URL: /sw.js
 Γùï (pwa)   Scope: /
 Γ£ô Compiled successfully
   Linting and checking validity of types ...
node.exe : 
At line:1 char:1
+ & "C:\Program Files\nodejs/node.exe" "C:\Program 
Files\nodejs/node_mo ...
+ ~~~~~~~~~~~~~~~~~~~~~~~~~~~~~~~~~~~~~~~~~~~~~~~~~~~~~~
~~~~~~~~~~~~~~~
    + CategoryInfo          : NotSpecified: (:String) [ 
   ], RemoteException
    + FullyQualifiedErrorId : NativeCommandError
 
Failed to compile.

./src/app/(auth)/forgot-password/page.tsx
46:13  Warning: Using `<img>` could result in slower 
LCP and higher bandwidth. Consider using `<Image />` 
from `next/image` or a custom image loader to 
automatically optimize images. This may incur 
additional usage or cost from your provider. See: 
https://nextjs.org/docs/messages/no-img-element  
@next/next/no-img-element

./src/app/(auth)/signin/page.tsx
91:17  Warning: Using `<img>` could result in slower 
LCP and higher bandwidth. Consider using `<Image />` 
from `next/image` or a custom image loader to 
automatically optimize images. This may incur 
additional usage or cost from your provider. See: 
https://nextjs.org/docs/messages/no-img-element  
@next/next/no-img-element

./src/app/(auth)/signup/page.tsx
199:17  Warning: Using `<img>` could result in slower 
LCP and higher bandwidth. Consider using `<Image />` 
from `next/image` or a custom image loader to 
automatically optimize images. This may incur 
additional usage or cost from your provider. See: 
https://nextjs.org/docs/messages/no-img-element  
@next/next/no-img-element

./src/app/(dashboard)/dashboard/withdraw/page.tsx
248:111  Error: `'` can be escaped with `&apos;`, 
`&lsquo;`, `&#39;`, `&rsquo;`.  
react/no-unescaped-entities

./src/app/(dashboard)/system-admin/audit/page.tsx
50:6  Warning: React Hook useEffect has a missing 
dependency: 'fetchLogs'. Either include it or remove 
the dependency array.  react-hooks/exhaustive-deps

./src/app/(dashboard)/system-admin/emails/page.tsx
103:6  Warning: React Hook useEffect has a missing 
dependency: 'loadHistory'. Either include it or remove 
the dependency array.  react-hooks/exhaustive-deps

./src/app/(dashboard)/system-admin/users/page.tsx
331:26  Error: `'` can be escaped with `&apos;`, 
`&lsquo;`, `&#39;`, `&rsquo;`.  
react/no-unescaped-entities

./src/app/(root)/loans/personal/payday/page.tsx
226:91  Error: `'` can be escaped with `&apos;`, 
`&lsquo;`, `&#39;`, `&rsquo;`.  
react/no-unescaped-entities
358:42  Error: `'` can be escaped with `&apos;`, 
`&lsquo;`, `&#39;`, `&rsquo;`.  
react/no-unescaped-entities
385:48  Error: `'` can be escaped with `&apos;`, 
`&lsquo;`, `&#39;`, `&rsquo;`.  
react/no-unescaped-entities

./src/app/providers.tsx
112:6  Warning: React Hook useEffect has a missing 
dependency: 'token'. Either include it or remove the 
dependency array.  react-hooks/exhaustive-deps

./src/components/AdminTransactionsPage.tsx
389:95  Error: `'` can be escaped with `&apos;`, 
`&lsquo;`, `&#39;`, `&rsquo;`.  
react/no-unescaped-entities
404:100  Error: `'` can be escaped with `&apos;`, 
`&lsquo;`, `&#39;`, `&rsquo;`.  
react/no-unescaped-entities

./src/components/chat/AdminChatDashboard/AdminChatView.t
sx
174:6  Warning: React Hook useEffect has a missing 
dependency: 'selectedChat'. Either include it or remove 
the dependency array.  react-hooks/exhaustive-deps

./src/components/chat/ChatWidget.tsx
158:6  Warning: React Hook useEffect has a missing 
dependency: 'handleJoinChat'. Either include it or 
remove the dependency array.  
react-hooks/exhaustive-deps

./src/components/ForexWidget.tsx
69:6  Warning: React Hook useEffect has a missing 
dependency: 'fetchRates'. Either include it or remove 
the dependency array.  react-hooks/exhaustive-deps

./src/components/LoadingProvider.tsx
51:6  Warning: React Hook useEffect has a missing 
dependency: 'isLoading'. Either include it or remove 
the dependency array.  react-hooks/exhaustive-deps
51:17  Warning: React Hook useEffect has a complex 
expression in the dependency array. Extract it to a 
separate variable so it can be statically checked.  
react-hooks/exhaustive-deps

./src/components/roots/investment/bonds/BondsHero.tsx
38:6  Warning: React Hook useEffect has a missing 
dependency: 'phrases'. Either include it or remove the 
dependency array.  react-hooks/exhaustive-deps

./src/components/roots/investment/bonds/FAQ.tsx
149:50  Error: `'` can be escaped with `&apos;`, 
`&lsquo;`, `&#39;`, `&rsquo;`.  
react/no-unescaped-entities
149:66  Error: `'` can be escaped with `&apos;`, 
`&lsquo;`, `&#39;`, `&rsquo;`.  
react/no-unescaped-entities

./src/components/roots/investment/bonds/Testimonials.tsx
67:67  Error: `"` can be escaped with `&quot;`, 
`&ldquo;`, `&#34;`, `&rdquo;`.  
react/no-unescaped-entities
67:87  Error: `"` can be escaped with `&quot;`, 
`&ldquo;`, `&#34;`, `&rdquo;`.  
react/no-unescaped-entities

./src/components/roots/investment/CTA.tsx
44:15  Warning: Using `<img>` could result in slower 
LCP and higher bandwidth. Consider using `<Image />` 
from `next/image` or a custom image loader to 
automatically optimize images. This may incur 
additional usage or cost from your provider. See: 
https://nextjs.org/docs/messages/no-img-element  
@next/next/no-img-element

./src/components/roots/investment/HowItWords.tsx
78:17  Warning: Using `<img>` could result in slower 
LCP and higher bandwidth. Consider using `<Image />` 
from `next/image` or a custom image loader to 
automatically optimize images. This may incur 
additional usage or cost from your provider. See: 
https://nextjs.org/docs/messages/no-img-element  
@next/next/no-img-element

./src/components/roots/investment/InvestHero.tsx
72:126  Error: `'` can be escaped with `&apos;`, 
`&lsquo;`, `&#39;`, `&rsquo;`.  
react/no-unescaped-entities

./src/components/roots/investment/MFE/Testimonials.tsx
47:6  Warning: React Hook useEffect has a missing 
dependency: 'goToNext'. Either include it or remove the 
dependency array.  react-hooks/exhaustive-deps
74:63  Error: `"` can be escaped with `&quot;`, 
`&ldquo;`, `&#34;`, `&rdquo;`.  
react/no-unescaped-entities

./src/components/roots/investment/Testimonial.tsx
58:44  Error: `'` can be escaped with `&apos;`, 
`&lsquo;`, `&#39;`, `&rsquo;`.  
react/no-unescaped-entities
72:17  Error: `"` can be escaped with `&quot;`, 
`&ldquo;`, `&#34;`, `&rdquo;`.  
react/no-unescaped-entities
72:51  Error: `"` can be escaped with `&quot;`, 
`&ldquo;`, `&#34;`, `&rdquo;`.  
react/no-unescaped-entities
77:19  Warning: Using `<img>` could result in slower 
LCP and higher bandwidth. Consider using `<Image />` 
from `next/image` or a custom image loader to 
automatically optimize images. This may incur 
additional usage or cost from your provider. See: 
https://nextjs.org/docs/messages/no-img-element  
@next/next/no-img-element

./src/components/roots/landing-page/BankingSection.tsx
265:178  Error: `'` can be escaped with `&apos;`, 
`&lsquo;`, `&#39;`, `&rsquo;`.  
react/no-unescaped-entities

./src/components/roots/landing-page/Subscription.tsx
98:13  Error: `'` can be escaped with `&apos;`, 
`&lsquo;`, `&#39;`, `&rsquo;`.  
react/no-unescaped-entities

./src/components/roots/landing-page/ui/BankingCard.tsx
16:7  Warning: Using `<img>` could result in slower LCP 
and higher bandwidth. Consider using `<Image />` from 
`next/image` or a custom image loader to automatically 
optimize images. This may incur additional usage or 
cost from your provider. See: 
https://nextjs.org/docs/messages/no-img-element  
@next/next/no-img-element

./src/components/roots/Loan/personal/payday/Testimonials
.tsx
92:75  Error: `"` can be escaped with `&quot;`, 
`&ldquo;`, `&#34;`, `&rdquo;`.  
react/no-unescaped-entities
92:95  Error: `"` can be escaped with `&quot;`, 
`&ldquo;`, `&#34;`, `&rdquo;`.  
react/no-unescaped-entities

./src/components/roots/Loan/personal/secured/Collateral.
tsx
82:6  Warning: React Hook useEffect has a missing 
dependency: 'goToNext'. Either include it or remove the 
dependency array.  react-hooks/exhaustive-deps

./src/components/roots/Loan/personal/secured/Hero.tsx
52:6  Warning: React Hook useEffect has a missing 
dependency: 'phrases'. Either include it or remove the 
dependency array.  react-hooks/exhaustive-deps

./src/components/roots/Loan/personal/unsecured/Benefits.
tsx
22:7  Warning: Using `<img>` could result in slower LCP 
and higher bandwidth. Consider using `<Image />` from 
`next/image` or a custom image loader to automatically 
optimize images. This may incur additional usage or 
cost from your provider. See: 
https://nextjs.org/docs/messages/no-img-element  
@next/next/no-img-element

./src/components/roots/Loan/personal/unsecured/Conparism
.tsx
54:83  Error: `'` can be escaped with `&apos;`, 
`&lsquo;`, `&#39;`, `&rsquo;`.  
react/no-unescaped-entities

./src/components/roots/Loan/personal/unsecured/FAQ.tsx
113:50  Error: `'` can be escaped with `&apos;`, 
`&lsquo;`, `&#39;`, `&rsquo;`.  
react/no-unescaped-entities

./src/components/roots/Loan/personal/unsecured/Testimoni
als.tsx
22:11  Warning: Using `<img>` could result in slower 
LCP and higher bandwidth. Consider using `<Image />` 
from `next/image` or a custom image loader to 
automatically optimize images. This may incur 
additional usage or cost from your provider. See: 
https://nextjs.org/docs/messages/no-img-element  
@next/next/no-img-element

./src/components/roots/Loan/personal/unsecured/UnHero.ts
x
12:9  Warning: The 'phrases' array makes the 
dependencies of useEffect Hook (at line 42) change on 
every render. Move it inside the useEffect callback. 
Alternatively, wrap the initialization of 'phrases' in 
its own useMemo() Hook.  react-hooks/exhaustive-deps

./src/components/roots/Retirement/IRA/Testimonials.tsx
64:17  Error: `"` can be escaped with `&quot;`, 
`&ldquo;`, `&#34;`, `&rdquo;`.  
react/no-unescaped-entities
64:51  Error: `"` can be escaped with `&quot;`, 
`&ldquo;`, `&#34;`, `&rdquo;`.  
react/no-unescaped-entities

./src/components/roots/savings/Basic-savings.tsx/ui/Deta
iledExplanation.tsx
31:15  Warning: Using `<img>` could result in slower 
LCP and higher bandwidth. Consider using `<Image />` 
from `next/image` or a custom image loader to 
automatically optimize images. This may incur 
additional usage or cost from your provider. See: 
https://nextjs.org/docs/messages/no-img-element  
@next/next/no-img-element
40:15  Warning: Using `<img>` could result in slower 
LCP and higher bandwidth. Consider using `<Image />` 
from `next/image` or a custom image loader to 
automatically optimize images. This may incur 
additional usage or cost from your provider. See: 
https://nextjs.org/docs/messages/no-img-element  
@next/next/no-img-element
55:82  Error: `'` can be escaped with `&apos;`, 
`&lsquo;`, `&#39;`, `&rsquo;`.  
react/no-unescaped-entities

./src/components/roots/savings/checking/EligibilitySecti
on.tsx
118:17  Warning: Using `<img>` could result in slower 
LCP and higher bandwidth. Consider using `<Image />` 
from `next/image` or a custom image loader to 
automatically optimize images. This may incur 
additional usage or cost from your provider. See: 
https://nextjs.org/docs/messages/no-img-element  
@next/next/no-img-element
128:17  Warning: Using `<img>` could result in slower 
LCP and higher bandwidth. Consider using `<Image />` 
from `next/image` or a custom image loader to 
automatically optimize images. This may incur 
additional usage or cost from your provider. See: 
https://nextjs.org/docs/messages/no-img-element  
@next/next/no-img-element

./src/components/roots/savings/checking/Hero3.tsx
61:6  Warning: React Hook useEffect has a missing 
dependency: 'rotatingPhrases'. Either include it or 
remove the dependency array.  
react-hooks/exhaustive-deps

./src/components/roots/savings/checking/Hero4.tsx
61:6  Warning: React Hook useEffect has a missing 
dependency: 'rotatingPhrases'. Either include it or 
remove the dependency array.  
react-hooks/exhaustive-deps

./src/components/roots/savings/checking/SummaryCHecking.
tsx
22:15  Error: `'` can be escaped with `&apos;`, 
`&lsquo;`, `&#39;`, `&rsquo;`.  
react/no-unescaped-entities

./src/components/roots/savings/Hero.tsx
36:6  Warning: React Hook useEffect has a missing 
dependency: 'typewriterWords'. Either include it or 
remove the dependency array.  
react-hooks/exhaustive-deps
65:66  Error: `'` can be escaped with `&apos;`, 
`&lsquo;`, `&#39;`, `&rsquo;`.  
react/no-unescaped-entities

./src/components/roots/savings/HoowItWorks.tsx
32:54  Error: `'` can be escaped with `&apos;`, 
`&lsquo;`, `&#39;`, `&rsquo;`.  
react/no-unescaped-entities
50:43  Error: `"` can be escaped with `&quot;`, 
`&ldquo;`, `&#34;`, `&rdquo;`.  
react/no-unescaped-entities
50:52  Error: `"` can be escaped with `&quot;`, 
`&ldquo;`, `&#34;`, `&rdquo;`.  
react/no-unescaped-entities

./src/components/roots/savings/Savings-Benefits.tsx
73:109  Error: `"` can be escaped with `&quot;`, 
`&ldquo;`, `&#34;`, `&rdquo;`.  
react/no-unescaped-entities

./src/components/roots/savings/Savings-Overview.tsx
97:27  Error: `'` can be escaped with `&apos;`, 
`&lsquo;`, `&#39;`, `&rsquo;`.  
react/no-unescaped-entities

./src/components/roots/savings/Testimonials.tsx
75:15  Error: `"` can be escaped with `&quot;`, 
`&ldquo;`, `&#34;`, `&rdquo;`.  
react/no-unescaped-entities
75:49  Error: `"` can be escaped with `&quot;`, 
`&ldquo;`, `&#34;`, `&rdquo;`.  
react/no-unescaped-entities

./src/components/withdraw/OTPModal.tsx
70:78  Error: `'` can be escaped with `&apos;`, 
`&lsquo;`, `&#39;`, `&rsquo;`.  
react/no-unescaped-entities

./src/libs/MainnavLinks.tsx
162:1  Warning: Assign object to a variable before 
exporting as module default  
import/no-anonymous-default-export

./src/libs/Menu.tsx
246:6  Warning: React Hook useMemo has an unnecessary 
dependency: 'role'. Either exclude it or remove the 
dependency array.  react-hooks/exhaustive-deps

info  - Need to disable some ESLint rules? Learn more 
here: https://nextjs.org/docs/app/api-reference/config/e
slint#disabling-rules
